PRMS Backend running on http://localhost:3500 (development)
[REQ] GET /admin/notifications 304 107.692 ms - ::1
[REQ] GET /agents/mine/properties 304 9.114 ms - ::1
[REQ] GET /agents/mine/bookings 304 8.413 ms - ::1
[REQ] GET /maintenance?limit=100 304 5.620 ms - ::1
[REQ] GET /maintenance?limit=100 304 3.344 ms - ::1
[REQ] GET /agents/mine/properties 304 3.800 ms - ::1
[REQ] GET /agents/mine/bookings 304 3.115 ms - ::1
[REQ] GET /images/92d9ae18-6837-4f1c-95fc-31a2e0cad4df-1786322330924-9zbnlx.jpg 304 1.767 ms - ::1
[REQ] GET /agents/mine/properties 304 3.279 ms - ::1
[REQ] GET /agents/mine/properties 304 3.385 ms - ::1
[REQ] GET /agents/mine/bookings 304 2.380 ms - ::1
[REQ] GET /maintenance?limit=100 304 3.148 ms - ::1
[REQ] GET /maintenance?limit=100 304 3.377 ms - ::1
[REQ] GET /agents/mine/bookings 304 3.095 ms - ::1
[REQ] POST /auth/logout 200 7.655 ms - ::1
[REQ] POST /auth/login 200 138.936 ms - ::1
[REQ] GET /auth/me 200 2.721 ms - ::1
[REQ] GET /admin/notifications 200 2.024 ms - ::1
[REQ] GET /bookings/my-bookings?limit=100 200 2.905 ms - ::1
[REQ] GET /favorites 200 3.921 ms - ::1
[REQ] GET /payments?limit=100 200 5.984 ms - ::1
[REQ] GET /maintenance/mine 304 2.454 ms - ::1
[REQ] GET /bookings/my-bookings?limit=100 304 2.262 ms - ::1
[REQ] GET /favorites 304 1.855 ms - ::1
[REQ] GET /payments?limit=100 304 2.475 ms - ::1
[REQ] GET /admin/notifications 304 2.762 ms - ::1
[REQ] GET /maintenance/mine 304 1.759 ms - ::1
[REQ] GET /admin/notifications 304 2.370 ms - ::1
[REQ] GET /privacy/notice 200 0.357 ms - ::1
[REQ] GET /admin/notifications 304 2.077 ms - ::1
[REQ] GET /admin/notifications 304 1.556 ms - ::1
[REQ] GET /admin/notifications 304 1.579 ms - ::1
[REQ] GET /admin/notifications 304 1.717 ms - ::1
[REQ] GET /admin/notifications 304 2.039 ms - ::1
[REQ] GET /admin/notifications 304 1.996 ms - ::1
[REQ] GET /admin/notifications 304 2.413 ms - ::1
[REQ] GET /admin/notifications 304 1.787 ms - ::1
[REQ] GET /admin/notifications 304 2.495 ms - ::1
[REQ] GET /admin/notifications 304 2.435 ms - ::1
[REQ] POST /auth/logout 200 3.849 ms - ::1
[REQ] GET /admin/settings/public 304 1.796 ms - ::1
[REQ] GET /auth/me 401 0.240 ms - ::1
[REQ] GET /admin/settings/public 304 1.268 ms - ::1
[REQ] GET /auth/me 401 0.232 ms - ::1
[REQ] GET /admin/settings/public 304 1.329 ms - ::1
[REQ] GET /admin/settings/public 304 0.832 ms - ::1
[REQ] GET /themes 401 0.124 ms - ::1
[REQ] GET /themes 401 0.090 ms - ::1
[REQ] POST /auth/login 200 124.251 ms - ::1
[REQ] GET /auth/me 304 2.178 ms - ::1
[REQ] GET /admin/notifications 304 3.345 ms - ::1
[REQ] GET /bookings/my-bookings?limit=100 304 3.726 ms - ::1
[REQ] GET /favorites 304 1.718 ms - ::1
[REQ] GET /payments?limit=100 200 3.418 ms - ::1
[REQ] GET /maintenance/mine 304 1.598 ms - ::1
[REQ] GET /bookings/my-bookings?limit=100 304 1.942 ms - ::1
[REQ] GET /admin/notifications 304 1.882 ms - ::1
[REQ] GET /favorites 304 1.995 ms - ::1
[REQ] GET /payments?limit=100 304 2.482 ms - ::1
[REQ] GET /maintenance/mine 304 2.105 ms - ::1
[REQ] GET /admin/notifications 304 2.706 ms - ::1
[REQ] GET /properties?page=1&limit=12 304 3.407 ms - ::1
[REQ] GET /images/92d9ae18-6837-4f1c-95fc-31a2e0cad4df-1786322330924-9zbnlx.jpg 304 0.367 ms - ::1
[REQ] GET /bookings/my-bookings?limit=100 304 2.954 ms - ::1
[REQ] GET /maintenance/mine 304 2.254 ms - ::1
[REQ] GET /favorites 304 2.688 ms - ::1
[REQ] GET /payments?limit=100 304 2.458 ms - ::1
[REQ] GET /bookings/my-bookings?limit=100 304 2.056 ms - ::1
[REQ] GET /payments?limit=100 304 2.453 ms - ::1
[REQ] GET /maintenance/mine 304 2.114 ms - ::1
[REQ] GET /favorites 304 1.880 ms - ::1
[REQ] GET /bookings/my-bookings?limit=100 304 1.820 ms - ::1
[REQ] GET /bookings/my-bookings?limit=100 304 1.425 ms - ::1
[REQ] GET /favorites 304 1.805 ms - ::1
[REQ] GET /payments?limit=100 304 2.306 ms - ::1
[REQ] GET /maintenance/mine 304 1.495 ms - ::1
[REQ] GET /payments?limit=100 304 2.766 ms - ::1
[REQ] GET /favorites 304 1.417 ms - ::1
[REQ] GET /maintenance/mine 304 1.999 ms - ::1
[REQ] GET /images/92d9ae18-6837-4f1c-95fc-31a2e0cad4df-1786322330924-9zbnlx.jpg 304 0.334 ms - ::1
[REQ] GET /bookings/my-bookings?limit=100 304 2.425 ms - ::1
[REQ] GET /bookings/my-bookings?limit=100 304 2.239 ms - ::1
[REQ] GET /favorites 304 1.570 ms - ::1
[REQ] GET /payments?limit=100 304 3.436 ms - ::1
[REQ] GET /maintenance/mine 304 1.357 ms - ::1
[REQ] GET /payments?limit=100 304 2.077 ms - ::1
[REQ] GET /favorites 304 1.667 ms - ::1
[REQ] GET /maintenance/mine 304 1.592 ms - ::1
[REQ] GET /bookings/my-bookings?limit=100 304 2.091 ms - ::1
[REQ] GET /bookings/my-bookings?limit=100 304 1.618 ms - ::1
[REQ] GET /favorites 304 1.450 ms - ::1
[REQ] GET /payments?limit=100 304 2.186 ms - ::1
[REQ] GET /maintenance/mine 304 1.543 ms - ::1
[REQ] GET /favorites 304 1.870 ms - ::1
[REQ] GET /payments?limit=100 304 3.106 ms - ::1
[REQ] GET /maintenance/mine 304 1.379 ms - ::1
[REQ] GET /maintenance/mine 304 1.767 ms - ::1
[REQ] GET /maintenance/mine 304 1.501 ms - ::1
[REQ] GET /maintenance/mine 304 1.652 ms - ::1
[REQ] GET /maintenance/mine 304 2.068 ms - ::1
[REQ] GET /properties?limit=100 304 5.323 ms - ::1
[REQ] GET /maintenance/mine 304 2.947 ms - ::1
[REQ] GET /maintenance/mine 304 1.706 ms - ::1
[REQ] GET /bookings/my-bookings?limit=100 304 2.731 ms - ::1
[REQ] GET /bookings/my-bookings?limit=100 304 1.780 ms - ::1
[REQ] GET /favorites 304 1.827 ms - ::1
[REQ] GET /payments?limit=100 304 2.673 ms - ::1
[REQ] GET /payments?limit=100 304 2.079 ms - ::1
[REQ] GET /favorites 304 1.294 ms - ::1
[REQ] GET /bookings/my-bookings?limit=100 304 1.781 ms - ::1
[REQ] GET /bookings/my-bookings?limit=100 304 1.899 ms - ::1
[REQ] GET /favorites 304 1.435 ms - ::1
[REQ] GET /payments?limit=100 304 1.926 ms - ::1
[REQ] GET /maintenance/mine 304 1.369 ms - ::1
[REQ] GET /payments?limit=100 304 2.123 ms - ::1
[REQ] GET /favorites 304 1.868 ms - ::1
[REQ] GET /maintenance/mine 304 1.432 ms - ::1
[REQ] GET /admin/notifications 304 1.546 ms - ::1
[REQ] GET /admin/notifications 304 1.521 ms - ::1
[REQ] GET /images/92d9ae18-6837-4f1c-95fc-31a2e0cad4df-1786322330924-9zbnlx.jpg 304 0.271 ms - ::1
[REQ] GET /admin/notifications 304 1.605 ms - ::1
[REQ] GET /admin/notifications 304 1.979 ms - ::1
[REQ] GET /admin/notifications 304 1.875 ms - ::1
[REQ] GET /admin/notifications 304 1.717 ms - ::1
[REQ] GET /admin/notifications 304 1.675 ms - ::1
[REQ] GET /bookings/my-bookings?limit=100 304 2.323 ms - ::1
[REQ] GET /bookings/my-bookings?limit=100 304 1.694 ms - ::1
[REQ] GET /favorites 304 1.238 ms - ::1
[REQ] GET /payments?limit=100 304 2.697 ms - ::1
[REQ] GET /maintenance/mine 304 1.438 ms - ::1
[REQ] GET /payments?limit=100 304 2.012 ms - ::1
[REQ] GET /favorites 304 1.264 ms - ::1
[REQ] GET /maintenance/mine 304 1.884 ms - ::1
[REQ] GET /bookings/my-bookings?limit=100 304 1.897 ms - ::1
[REQ] GET /bookings/my-bookings?limit=100 304 1.403 ms - ::1
[REQ] GET /favorites 304 2.099 ms - ::1
[REQ] GET /payments?limit=100 304 2.252 ms - ::1
[REQ] GET /maintenance/mine 304 1.598 ms - ::1
[REQ] GET /payments?limit=100 304 2.031 ms - ::1
[REQ] GET /favorites 304 1.498 ms - ::1
[REQ] GET /maintenance/mine 304 1.579 ms - ::1
[REQ] GET /auth/me 304 2.212 ms - ::1
[REQ] GET /auth/me 304 1.796 ms - ::1
[REQ] GET /payments 200 2.835 ms - ::1
[REQ] GET /payments 304 2.369 ms - ::1
[REQ] GET /auth/me 304 1.611 ms - ::1
[REQ] GET /auth/me 304 2.169 ms - ::1
[REQ] GET /payments 304 2.247 ms - ::1
[REQ] GET /payments 304 3.448 ms - ::1
[REQ] GET /auth/me 304 1.635 ms - ::1
[REQ] GET /payments?status=due 200 2.229 ms - ::1
[REQ] GET /auth/me 304 1.910 ms - ::1
[REQ] GET /payments?status=completed 200 2.059 ms - ::1
[REQ] GET /auth/me 304 1.551 ms - ::1
[REQ] GET /payments?status=failed 200 2.091 ms - ::1
[REQ] GET /auth/me 304 1.722 ms - ::1
[REQ] GET /payments?status=completed 304 2.047 ms - ::1
[REQ] GET /auth/me 304 1.514 ms - ::1
[REQ] GET /payments?status=due 304 2.345 ms - ::1
[REQ] GET /auth/me 304 2.112 ms - ::1
[REQ] GET /payments?status=completed 304 2.374 ms - ::1
[REQ] GET /admin/notifications 304 1.694 ms - ::1
[REQ] GET /admin/notifications 304 1.974 ms - ::1
[REQ] GET /admin/notifications 304 2.011 ms - ::1
[REQ] GET /admin/notifications 304 2.338 ms - ::1
[REQ] GET /admin/notifications 304 2.013 ms - ::1
[REQ] GET /admin/notifications 304 1.529 ms - ::1
[REQ] GET /admin/notifications 304 1.750 ms - ::1
[REQ] GET /admin/notifications 304 2.272 ms - ::1
[REQ] GET /admin/notifications 304 2.587 ms - ::1
[REQ] GET /admin/notifications 304 1.509 ms - ::1
[REQ] GET /admin/notifications 304 2.654 ms - ::1
[REQ] GET /admin/notifications 304 2.267 ms - ::1
[REQ] GET /admin/notifications 304 2.655 ms - ::1
[REQ] GET /admin/notifications 304 1.755 ms - ::1
[REQ] GET /admin/notifications 304 2.766 ms - ::1
[REQ] GET /admin/notifications 304 2.270 ms - ::1
[REQ] GET /admin/notifications 304 2.605 ms - ::1
[REQ] GET /admin/notifications 304 2.358 ms - ::1
[REQ] GET /admin/notifications 304 2.596 ms - ::1
[REQ] GET /admin/notifications 304 1.794 ms - ::1
[REQ] GET /admin/notifications 304 2.562 ms - ::1
[REQ] GET /admin/notifications 304 1.725 ms - ::1
[REQ] GET /admin/notifications 304 2.500 ms - ::1
[REQ] GET /admin/notifications 304 1.832 ms - ::1
[REQ] GET /admin/notifications 304 2.640 ms - ::1
[REQ] GET /admin/notifications 304 1.965 ms - ::1
[REQ] GET /admin/notifications 304 2.479 ms - ::1
[REQ] GET /admin/notifications 304 1.700 ms - ::1
[REQ] GET /admin/notifications 304 2.929 ms - ::1
[REQ] GET /admin/notifications 304 2.378 ms - ::1
[REQ] GET /admin/notifications 304 2.621 ms - ::1
[REQ] GET /admin/notifications 304 2.353 ms - ::1
[REQ] GET /admin/notifications 304 2.552 ms - ::1
[REQ] GET /admin/notifications 304 1.618 ms - ::1
[REQ] GET /admin/notifications 304 2.544 ms - ::1
[REQ] GET /admin/notifications 304 2.125 ms - ::1
[REQ] GET /admin/notifications 304 2.413 ms - ::1
[REQ] GET /admin/notifications 304 1.912 ms - ::1
[REQ] GET /admin/notifications 304 2.199 ms - ::1
[REQ] GET /admin/notifications 304 1.841 ms - ::1
[REQ] GET /admin/notifications 304 2.133 ms - ::1
[REQ] GET /admin/notifications 304 2.294 ms - ::1
[REQ] GET /admin/notifications 304 2.431 ms - ::1
[REQ] GET /admin/notifications 304 1.713 ms - ::1
[REQ] GET /admin/notifications 304 2.504 ms - ::1
[REQ] GET /admin/notifications 304 2.236 ms - ::1
[REQ] GET /admin/notifications 304 2.353 ms - ::1
[REQ] GET /admin/notifications 304 2.200 ms - ::1
[REQ] GET /admin/notifications 304 1.481 ms - ::1
[REQ] GET /admin/notifications 304 1.739 ms - ::1
[REQ] GET /admin/notifications 304 2.639 ms - ::1
[REQ] GET /admin/notifications 304 3.032 ms - ::1
[REQ] GET /admin/notifications 304 2.443 ms - ::1
[REQ] GET /admin/notifications 304 2.187 ms - ::1
[REQ] GET /admin/notifications 304 2.602 ms - ::1
[REQ] GET /admin/notifications 304 2.362 ms - ::1
[REQ] GET /admin/notifications 304 1.850 ms - ::1
[REQ] GET /admin/notifications 304 1.462 ms - ::1
[REQ] GET /admin/notifications 304 2.602 ms - ::1
[REQ] GET /admin/notifications 304 2.529 ms - ::1
[REQ] GET /admin/notifications 304 2.582 ms - ::1
[REQ] GET /admin/notifications 304 1.794 ms - ::1
[REQ] GET /admin/notifications 304 1.789 ms - ::1
[REQ] GET /admin/notifications 304 1.523 ms - ::1
[REQ] GET /admin/notifications 304 2.504 ms - ::1
[REQ] GET /admin/notifications 304 2.054 ms - ::1
[REQ] GET /admin/notifications 304 2.365 ms - ::1
[REQ] GET /admin/notifications 304 1.770 ms - ::1
[REQ] GET /admin/notifications 304 2.234 ms - ::1
[REQ] GET /admin/notifications 304 2.278 ms - ::1
[REQ] GET /admin/notifications 304 2.700 ms - ::1
[REQ] GET /admin/notifications 304 2.358 ms - ::1
[REQ] GET /admin/notifications 304 2.545 ms - ::1
[REQ] GET /admin/notifications 304 1.767 ms - ::1
[REQ] GET /admin/notifications 304 1.800 ms - ::1
[REQ] GET /admin/notifications 304 2.432 ms - ::1
[REQ] GET /admin/notifications 304 2.321 ms - ::1
[REQ] GET /admin/notifications 304 2.077 ms - ::1
[REQ] GET /admin/notifications 304 2.314 ms - ::1
[REQ] GET /admin/notifications 304 2.078 ms - ::1
[REQ] GET /admin/notifications 304 2.405 ms - ::1
[REQ] GET /admin/notifications 304 1.637 ms - ::1
[REQ] GET /admin/notifications 304 2.545 ms - ::1
[REQ] GET /admin/notifications 304 2.203 ms - ::1
[REQ] GET /admin/notifications 304 2.441 ms - ::1
[REQ] GET /admin/notifications 304 2.237 ms - ::1
[REQ] GET /admin/notifications 304 2.417 ms - ::1
[REQ] GET /admin/notifications 304 2.147 ms - ::1
[REQ] GET /admin/notifications 304 1.690 ms - ::1
[REQ] GET /admin/notifications 304 2.242 ms - ::1
[REQ] GET /admin/notifications 304 2.596 ms - ::1
[REQ] GET /admin/notifications 304 2.100 ms - ::1
[REQ] GET /admin/notifications 304 2.369 ms - ::1
[REQ] GET /admin/notifications 304 1.920 ms - ::1
[REQ] GET /admin/notifications 304 2.547 ms - ::1
[REQ] GET /admin/notifications 304 1.924 ms - ::1
[REQ] GET /admin/notifications 304 2.437 ms - ::1
[REQ] GET /admin/notifications 304 2.061 ms - ::1
[REQ] GET /admin/notifications 304 2.011 ms - ::1
[REQ] GET /admin/notifications 304 1.640 ms - ::1
[REQ] GET /admin/notifications 304 2.534 ms - ::1
[REQ] GET /admin/notifications 304 1.669 ms - ::1
[REQ] GET /admin/notifications 304 2.462 ms - ::1
[REQ] GET /admin/notifications 304 1.987 ms - ::1
[REQ] GET /admin/notifications 304 2.506 ms - ::1
[REQ] GET /admin/notifications 304 1.663 ms - ::1
[REQ] GET /admin/notifications 304 2.601 ms - ::1
[REQ] GET /admin/notifications 304 1.738 ms - ::1
[REQ] GET /admin/notifications 304 2.474 ms - ::1
[REQ] GET /admin/notifications 304 2.842 ms - ::1
[REQ] GET /admin/notifications 401 0.755 ms - ::1
[REQ] GET /admin/notifications 401 0.532 ms - ::1
[REQ] POST /auth/refresh 401 73.457 ms - ::1
[REQ] POST /auth/refresh 200 169.991 ms - ::1
[REQ] GET /admin/notifications 304 2.551 ms - ::1
[REQ] GET /admin/notifications 401 0.143 ms - ::1
[REQ] GET /admin/notifications 304 2.012 ms - ::1
[REQ] GET /admin/notifications 401 0.140 ms - ::1
[REQ] GET /admin/notifications 304 1.672 ms - ::1
[REQ] GET /admin/notifications 401 0.135 ms - ::1
[REQ] GET /admin/notifications 304 1.924 ms - ::1
[REQ] GET /admin/notifications 304 3.197 ms - ::1
[REQ] GET /admin/settings/public 304 1.004 ms - ::1
[REQ] GET /auth/me 304 2.340 ms - ::1
[REQ] GET /admin/settings/public 304 1.494 ms - ::1
[REQ] GET /auth/me 304 2.108 ms - ::1
[REQ] GET /admin/settings/public 304 1.095 ms - ::1
[REQ] GET /auth/me 304 1.737 ms - ::1
[REQ] GET /admin/settings/public 304 1.187 ms - ::1
[REQ] GET /auth/me 304 1.727 ms - ::1
[REQ] GET /themes 304 3.925 ms - ::1
[REQ] GET /themes 304 2.778 ms - ::1
[REQ] GET /admin/notifications 304 2.526 ms - ::1
[REQ] GET /auth/me 304 2.806 ms - ::1
[REQ] GET /admin/notifications 304 1.753 ms - ::1
[REQ] GET /auth/me 304 1.694 ms - ::1
[REQ] GET /payments 200 2.439 ms - ::1
[REQ] GET /payments 304 3.659 ms - ::1
[REQ] GET /admin/settings/public 304 1.239 ms - ::1
[REQ] GET /auth/me 304 2.722 ms - ::1
[REQ] GET /admin/settings/public 304 1.026 ms - ::1
[REQ] GET /auth/me 304 1.551 ms - ::1
[REQ] GET /admin/settings/public 304 0.965 ms - ::1
[REQ] GET /auth/me 304 2.767 ms - ::1
[REQ] GET /admin/settings/public 304 1.215 ms - ::1
[REQ] GET /auth/me 304 2.000 ms - ::1
[REQ] GET /themes 304 2.243 ms - ::1
[REQ] GET /themes 304 2.325 ms - ::1
[REQ] GET /admin/notifications 304 1.876 ms - ::1
[REQ] GET /auth/me 304 2.000 ms - ::1
[REQ] GET /admin/notifications 304 1.490 ms - ::1
[REQ] GET /auth/me 304 1.463 ms - ::1
[REQ] GET /payments 304 2.285 ms - ::1
[REQ] GET /payments 304 2.398 ms - ::1
[REQ] GET /admin/settings/public 304 1.239 ms - ::1
[REQ] GET /admin/settings/public 304 1.322 ms - ::1
[REQ] GET /auth/me 304 2.585 ms - ::1
[REQ] GET /admin/settings/public 304 1.358 ms - ::1
[REQ] GET /auth/me 304 2.242 ms - ::1
[REQ] GET /admin/settings/public 304 1.085 ms - ::1
[REQ] GET /themes 304 2.031 ms - ::1
[REQ] GET /auth/me 304 1.702 ms - ::1
[REQ] GET /themes 304 1.707 ms - ::1
[REQ] GET /auth/me 304 2.032 ms - ::1
[REQ] GET /auth/me 304 2.159 ms - ::1
[REQ] GET /admin/notifications 304 1.826 ms - ::1
[REQ] GET /auth/me 304 2.815 ms - ::1
[REQ] GET /admin/notifications 304 1.603 ms - ::1
[REQ] GET /payments 304 2.399 ms - ::1
[REQ] GET /payments 304 2.095 ms - ::1
[REQ] GET /admin/settings/public 304 1.454 ms - ::1
[REQ] GET /auth/me 304 3.087 ms - ::1
[REQ] GET /admin/settings/public 304 1.266 ms - ::1
[REQ] GET /auth/me 304 1.985 ms - ::1
[REQ] GET /admin/settings/public 304 1.145 ms - ::1
[REQ] GET /admin/settings/public 304 1.457 ms - ::1
[REQ] GET /auth/me 304 1.830 ms - ::1
[REQ] GET /themes 304 1.880 ms - ::1
[REQ] GET /auth/me 304 1.784 ms - ::1
[REQ] GET /themes 304 1.770 ms - ::1
[REQ] GET /admin/settings/public 304 1.119 ms - ::1
[REQ] GET /auth/me 304 2.068 ms - ::1
[REQ] GET /admin/settings/public 304 0.772 ms - ::1
[REQ] GET /auth/me 304 2.497 ms - ::1
[REQ] GET /admin/settings/public 304 0.964 ms - ::1
[REQ] GET /auth/me 304 2.361 ms - ::1
[REQ] GET /themes 304 2.454 ms - ::1
[REQ] GET /admin/settings/public 304 0.963 ms - ::1
[REQ] GET /auth/me 304 1.781 ms - ::1
[REQ] GET /themes 304 2.591 ms - ::1
[REQ] GET /admin/notifications 304 3.111 ms - ::1
[REQ] GET /auth/me 304 1.664 ms - ::1
[REQ] GET /admin/notifications 304 2.202 ms - ::1
[REQ] GET /auth/me 304 1.660 ms - ::1
[REQ] GET /payments 304 2.014 ms - ::1
[REQ] GET /payments 304 2.046 ms - ::1
[REQ] GET /admin/settings/public 304 1.147 ms - ::1
[REQ] GET /admin/settings/public 304 1.081 ms - ::1
[REQ] GET /auth/me 304 2.522 ms - ::1
[REQ] GET /admin/settings/public 304 1.738 ms - ::1
[REQ] GET /auth/me 304 3.711 ms - ::1
[REQ] GET /themes 304 2.552 ms - ::1
[REQ] GET /admin/settings/public 304 0.874 ms - ::1
[REQ] GET /auth/me 304 2.148 ms - ::1
[REQ] GET /auth/me 304 1.988 ms - ::1
[REQ] GET /themes 304 2.062 ms - ::1
[REQ] GET /admin/notifications 304 1.628 ms - ::1
[REQ] GET /auth/me 304 1.761 ms - ::1
[REQ] GET /admin/notifications 304 1.797 ms - ::1
[REQ] GET /auth/me 304 2.613 ms - ::1
[REQ] GET /payments 304 3.584 ms - ::1
[REQ] GET /payments 304 2.134 ms - ::1
[REQ] GET /admin/notifications 401 0.167 ms - ::1
[REQ] GET /admin/settings/public 304 1.127 ms - ::1
[REQ] GET /auth/me 304 2.259 ms - ::1
[REQ] GET /admin/settings/public 304 0.877 ms - ::1
[REQ] GET /auth/me 304 1.857 ms - ::1
[REQ] GET /admin/settings/public 304 0.746 ms - ::1
[REQ] GET /auth/me 304 1.842 ms - ::1
[REQ] GET /admin/settings/public 304 0.979 ms - ::1
[REQ] GET /auth/me 304 2.194 ms - ::1
[REQ] GET /themes 304 1.683 ms - ::1
[REQ] GET /themes 304 1.762 ms - ::1
[REQ] GET /admin/notifications 304 2.851 ms - ::1
[REQ] GET /bookings/my-bookings?limit=100 304 3.212 ms - ::1
[REQ] GET /favorites 304 1.625 ms - ::1
[REQ] GET /payments?limit=100 200 1.982 ms - ::1
[REQ] GET /maintenance/mine 304 1.444 ms - ::1
[REQ] GET /bookings/my-bookings?limit=100 304 1.356 ms - ::1
[REQ] GET /admin/notifications 304 2.115 ms - ::1
[REQ] GET /favorites 304 1.999 ms - ::1
[REQ] GET /payments?limit=100 304 2.750 ms - ::1
[REQ] GET /maintenance/mine 304 1.388 ms - ::1
[REQ] GET /admin/notifications 304 1.627 ms - ::1
[REQ] GET /maintenance/mine 304 1.691 ms - ::1
[REQ] GET /maintenance/mine 304 1.443 ms - ::1
[REQ] GET /maintenance/mine 304 1.649 ms - ::1
[REQ] GET /maintenance/mine 304 1.384 ms - ::1
[REQ] GET /maintenance/mine 304 2.790 ms - ::1
[REQ] GET /maintenance/mine 304 3.252 ms - ::1
[REQ] GET /bookings/my-bookings?limit=100 304 3.212 ms - ::1
[REQ] GET /bookings/my-bookings?limit=100 304 2.162 ms - ::1
[REQ] GET /favorites 304 1.448 ms - ::1
[REQ] GET /payments?limit=100 304 2.116 ms - ::1
[REQ] GET /payments?limit=100 304 2.288 ms - ::1
[REQ] GET /favorites 304 1.465 ms - ::1
[REQ] GET /bookings/my-bookings?limit=100 304 2.164 ms - ::1
[REQ] GET /bookings/my-bookings?limit=100 304 1.792 ms - ::1
[REQ] GET /favorites 304 1.891 ms - ::1
[REQ] GET /payments?limit=100 304 2.745 ms - ::1
[REQ] GET /maintenance/mine 304 2.230 ms - ::1
[REQ] GET /payments?limit=100 304 3.691 ms - ::1
[REQ] GET /favorites 304 1.411 ms - ::1
[REQ] GET /maintenance/mine 304 1.674 ms - ::1
[REQ] GET / 200 0.200 ms - ::1
[REQ] GET / 200 0.094 ms - ::ffff:127.0.0.1
[REQ] GET /admin/notifications 401 0.179 ms - ::1
[REQ] GET / 200 0.108 ms - ::1
[REQ] GET / 200 0.104 ms - ::ffff:127.0.0.1
